2 CHARLITERAL 'a'
2 CHARLITERAL 'b'
2 CHARLITERAL 'c'
3 CHARLITERAL 'R'
3 CHARLITERAL 'i'
3 CHARLITERAL 'n'
3 CHARLITERAL 'a'
3 CHARLITERAL 'r'
3 CHARLITERAL 'd'
4 CHARLITERAL '6'
4 CHARLITERAL '0'
4 CHARLITERAL '3'
4 CHARLITERAL '5'
