2 IDENTIFIER foo
id2 line 2:4: unexpected char: '.'
2 IDENTIFIER bar
