2 INTLITERAL 0
3 INTLITERAL 1
4 -
4 INTLITERAL 1
5 INTLITERAL 259
6 INTLITERAL 17
7 INTLITERAL 43
7 -
7 INTLITERAL 620
