2 STRINGLITERAL "A string walks into a bar and orders a beer."
3 STRINGLITERAL "The bartender looks at him and says, \"we don\'t serve strings here.\""
4 STRINGLITERAL "The string walks out to the street, and sits on the curb, dejected."
5 STRINGLITERAL "Then he has an idea: he ties himself into a bow, and loosens up his"
6 STRINGLITERAL "ends, making them up into nice tassels."
7 STRINGLITERAL "His confidence restored, he walks back into the bar, sits down, and orders"
8 STRINGLITERAL "another beer."
9 STRINGLITERAL "The bartender looks at him suspiciously: he looks a bit like the string"
10 STRINGLITERAL "that had just walked in.  \"Hey,\" he says, \"aren\'t you a string?\""
11 STRINGLITERAL "\"Nope,\" says the string.  \"I\'m a frayed knot.\""
