2 boolean
3 callout
5 else
6 BOOLEANLITERAL false
7 if
8 int
9 return
10 BOOLEANLITERAL true
11 void
12 for
13 IDENTIFIER forpar
14 break
15 continue
