2 IDENTIFIER BOOLEAN
3 IDENTIFIER CALLOUT
4 IDENTIFIER CLASS
5 IDENTIFIER ELSE
6 IDENTIFIER FALSE
7 IDENTIFIER IF
8 IDENTIFIER INT
9 IDENTIFIER RETURN
10 IDENTIFIER TRUE
11 IDENTIFIER VOID
12 IDENTIFIER FOR
13 IDENTIFIER FORPAR
14 IDENTIFIER BREAK
15 IDENTIFIER CONTINUE
